# 研究 & Review

> 你好 <world> 😀 `code`[^inkstone-1]

[^inkstone-1]: Highlight · Sun · active · source 研究/A & B.md · position 4–24 UTF-16 · tags 研究, review · overlap yes · note 想法 \*\*保留\*\* 第二行

> 可变 [Markdown] & sync[^inkstone-2]

[^inkstone-2]: Underline · Violet · unanchored · conflict · source 研究/A & B.md · position 40–60 UTF-16 · conflict yes · note Needs \[repair\](unsafe) · context prefix \* ⟦target⟧ suffix · anchor failure not-found (0 candidates)

<!-- Inkstone export: 2 annotations -->
